// Jest Snapshot v1, https://goo.gl/fbAQLP

exports[`Loading component should render Loading 1`] = `"btn btn-xl btn-ghost loading text-xl"`;
